// Vitest Snapshot v1

exports[`Will take a snapshot of the current Task compenent > will create a snapshot 1`] = `
<div
  className="row"
  style={
    {
      "backgroundColor": "grey",
      "border": "black 2px solid",
    }
  }
>
  <div
    className="col-9"
  >
    Style
  </div>
  <div
    className="col-2"
  >
    <div
      className="form-check"
    >
      <input
        className="form-check-input"
        disabled={false}
        onChange={[Function]}
        type="checkbox"
      />
      <label
        className="form-check-label"
        title=""
      >
        select
      </label>
    </div>
  </div>
</div>
`;
