// Vitest Snapshot v1

exports[`App.tsx > will create and match snapshot 1`] = `
<div
  className="App container"
>
  <div
    className="row"
    id="Header"
  >
    <h1
      id="LastEle"
    >
      To Do App
    </h1>
  </div>
  <div
    className="row"
  >
    <div
      className="container"
      style={
        {
          "marginBottom": "1vh",
        }
      }
    >
      <div
        className="row"
      >
        <div
          className="col-4"
          style={
            {
              "display": "flex",
              "justifyContent": "center",
              "margin": 0,
              "padding": 0,
            }
          }
        >
          <button
            className="btn btn-danger"
            disabled={true}
            type="button"
          >
            Del
          </button>
          <button
            className="btn btn-warning"
            disabled={true}
            type="button"
          >
            Stat
          </button>
        </div>
        <div
          className="col-8"
          style={
            {
              "margin": 0,
              "padding": 0,
            }
          }
        >
          <form
            className=""
            onSubmit={[Function]}
            style={
              {
                "display": "flex",
              }
            }
          >
            <input
              className="form-control"
              id="createTaskInput"
              onChange={[Function]}
              value=""
            />
            <button
              className="btn btn-success"
              disabled={true}
              id="createTaskButton"
              type="submit"
            >
              Create
            </button>
          </form>
        </div>
      </div>
    </div>
  </div>
  <div
    className="row"
  >
    <div
      className="col-1"
    />
    <div
      className="listHolder col-10"
    >
      <h5
        className="listHeader"
      >
         Pending 
      </h5>
    </div>
    <div
      className="col-1"
    />
  </div>
  <div
    className="row"
  >
    <div
      className="col-1"
    />
    <div
      className="listHolder col-10"
    >
      <h5
        className="listHeader"
      >
         Completed 
      </h5>
    </div>
    <div
      className="col-1"
    />
  </div>
</div>
`;
