// Vitest Snapshot v1

exports[`Will take a snapshot of the current Header compenent > will create a snapshot 1`] = `
<div
  className="App container"
>
  <div
    className="row"
    style={
      {
        "textAlign": "center",
      }
    }
  >
    <h1>
      To Do App
    </h1>
  </div>
  <div
    className="row"
  >
    <div
      className="container"
    >
      <div
        className="row"
        style={
          {
            "display": "flex",
            "justifyContent": "space-between",
          }
        }
      >
        <div
          className="col"
        >
          <button
            className="btn btn-danger"
            disabled={true}
            type="button"
          >
            Delete
          </button>
          <button
            className="btn btn-warning"
            disabled={true}
            type="button"
          >
            Change Status
          </button>
        </div>
        <div
          className="col"
        >
          <form
            className=""
            onSubmit={[Function]}
            style={
              {
                "display": "flex",
              }
            }
          >
            <input
              className="form-control"
              onChange={[Function]}
              value=""
            />
            <button
              className="btn btn-success"
              disabled={true}
              type="submit"
            >
              Create
            </button>
          </form>
        </div>
      </div>
    </div>
  </div>
  <div
    className="row"
  >
    <div
      className="col-1"
    />
    <div
      className="col-10"
      style={
        {
          "backgroundColor": "lightgray",
          "border": "black solid 4px",
          "height": "40vh",
          "textAlign": "center",
        }
      }
    >
      <h5
        style={
          {
            "backgroundColor": "white",
            "borderRadius": "5vw",
            "marginTop": "5px",
          }
        }
      >
        Pending
      </h5>
    </div>
    <div
      className="col-1"
    />
  </div>
  <div
    className="row"
  >
    <div
      className="col-1"
    />
    <div
      className="col-10"
      style={
        {
          "backgroundColor": "lightgray",
          "border": "black solid 4px",
          "height": "40vh",
          "textAlign": "center",
        }
      }
    >
      <h5
        style={
          {
            "backgroundColor": "white",
            "borderRadius": "5vw",
            "marginTop": "5px",
          }
        }
      >
        Completed
      </h5>
    </div>
    <div
      className="col-1"
    />
  </div>
</div>
`;
