// Vitest Snapshot v1

exports[`App > will create and match snapshot 1`] = `
<div
  className="App container"
>
  <div
    className="row"
    id="Header"
  >
    <h1>
      ANOTHER DAY
    </h1>
  </div>
  <div
    className="row"
  >
    <div
      className="container"
      style={
        {
          "marginBottom": "1vh",
        }
      }
    >
      <div
        className="row"
      >
        <div
          className="col-4"
          style={
            {
              "display": "flex",
            }
          }
        >
          <button
            className="btn btn-primary"
            disabled={true}
            id="changeStatusBtn"
            onClick={[Function]}
            type="button"
          >
            Update
          </button>
          <button
            className="btn btn-danger"
            disabled={true}
            id="DeleteMultBtn"
            onClick={[Function]}
            type="button"
          >
            DEL
          </button>
        </div>
        <div
          className="formHolder col-8"
        >
          <form
            className=""
            onSubmit={[Function]}
            style={
              {
                "position": "relative",
              }
            }
          >
            <input
              className="form-control"
              id="createTaskInput"
              onChange={[Function]}
              value=""
            />
            <button
              className="btn btn-success"
              disabled={true}
              id="createTaskButton"
              type="submit"
            >
              <img
                src="/static/src/assets/plus.png"
                style={
                  {
                    "height": "2vh",
                  }
                }
              />
            </button>
          </form>
        </div>
      </div>
    </div>
  </div>
  <div
    className="row"
  >
    <div
      className="col-1"
    />
    <div
      className="listHolder col-10"
      id="pending"
    >
      <h5
        className="listHeader"
      >
         Pending 
      </h5>
    </div>
    <div
      className="col-1"
    />
  </div>
  <div
    className="row"
  >
    <div
      className="col-1"
    />
    <div
      className="listHolder col-10"
      id="CompletedList"
    >
      <h5
        className="listHeader"
      >
         Completed 
      </h5>
    </div>
    <div
      className="col-1"
    />
  </div>
</div>
`;
