// Vitest Snapshot v1

exports[`App > will create and match snapshot 1`] = `
<div
  className="App container"
>
  <div
    className="row"
    id="Header"
  >
    <h1>
      To Do App
    </h1>
  </div>
  <div
    className="row"
  >
    <div
      className="container"
      style={
        {
          "marginBottom": "1vh",
        }
      }
    >
      <div
        className="row"
      >
        <div
          className="col-4"
        >
          <button
            className="btn btn-primary"
            disabled={true}
            onClick={[Function]}
            type="button"
          >
            CS
          </button>
        </div>
        <div
          className="formHolder col-8"
        >
          <form
            className=""
            onSubmit={[Function]}
          >
            <input
              className="form-control"
              id="createTaskInput"
              onChange={[Function]}
              value=""
            />
            <button
              className="btn btn-success"
              disabled={true}
              id="createTaskButton"
              type="submit"
            >
              Create
            </button>
          </form>
        </div>
      </div>
    </div>
  </div>
  <div
    className="row"
  >
    <div
      className="col-1"
    />
    <div
      className="listHolder col-10"
    >
      <h5
        className="listHeader"
      >
         Pending 
      </h5>
    </div>
    <div
      className="col-1"
    />
  </div>
  <div
    className="row"
  >
    <div
      className="col-1"
    />
    <div
      className="listHolder col-10"
      id="CompletedList"
    >
      <h5
        className="listHeader"
      >
         Completed 
      </h5>
    </div>
    <div
      className="col-1"
    />
  </div>
</div>
`;
