// Vitest Snapshot v1

exports[`Header > will create and match snapshot 1`] = `
<div
  className="container"
  style={
    {
      "marginBottom": "1vh",
    }
  }
>
  <div
    className="row"
  >
    <div
      className="col-4"
      style={
        {
          "display": "flex",
        }
      }
    >
      <button
        className="btn btn-primary"
        disabled={true}
        id="changeStatusBtn"
        onClick={[Function]}
        style={
          {
            "alignItems": "center",
            "display": "flex",
            "height": "5vh",
            "justifyContent": "center",
            "width": "10vw",
          }
        }
        type="button"
      >
        <img
          src="/static/src/assets/change.png"
          style={
            {
              "height": "6vh",
            }
          }
        />
      </button>
      <button
        className="btn btn-danger"
        disabled={true}
        id="DeleteMultBtn"
        onClick={[Function]}
        style={
          {
            "alignItems": "center",
            "display": "flex",
            "height": "5vh",
            "justifyContent": "center",
            "width": "10vw",
          }
        }
        type="button"
      >
        <img
          src="/static/src/assets/trash.png"
          style={
            {
              "height": "3vh",
            }
          }
        />
      </button>
    </div>
    <div
      className="formHolder col-8"
    >
      <form
        className=""
        onSubmit={[Function]}
        style={
          {
            "position": "relative",
          }
        }
      >
        <input
          className="form-control"
          id="createTaskInput"
          onChange={[Function]}
          value=""
        />
        <button
          className="btn btn-success"
          disabled={true}
          id="createTaskButton"
          type="submit"
        >
          <img
            src="/static/src/assets/plus.png"
            style={
              {
                "height": "2vh",
              }
            }
          />
        </button>
      </form>
    </div>
  </div>
</div>
`;
