// Vitest Snapshot v1

exports[`Header > will create and match snapshot 1`] = `
<div
  className="container"
  style={
    {
      "marginBottom": "1vh",
    }
  }
>
  <div
    className="row"
  >
    <div
      className="col-3"
      style={
        {
          "display": "flex",
        }
      }
    >
      <button
        className="btn btn-primary"
        disabled={true}
        id="changeStatusBtn"
        onClick={[Function]}
        style={
          {
            "alignItems": "center",
            "display": "flex",
            "height": "5vh",
            "justifyContent": "center",
            "width": "10vw",
          }
        }
        type="button"
      >
        <img
          src="/static/src/assets/change.png"
          style={
            {
              "height": "6vh",
            }
          }
        />
      </button>
      <button
        className="btn btn-danger"
        disabled={true}
        id="DeleteMultBtn"
        onClick={[Function]}
        style={
          {
            "alignItems": "center",
            "display": "flex",
            "height": "5vh",
            "justifyContent": "center",
            "width": "10vw",
          }
        }
        type="button"
      >
        <img
          src="/static/src/assets/trash.png"
          style={
            {
              "height": "3vh",
            }
          }
        />
      </button>
    </div>
    <div
      className="col-3"
    >
      <div
        className="btn-group btn-group-sm"
        role="group"
      >
        <input
          autoComplete="off"
          checked={true}
          className="btn-check"
          disabled={false}
          id="tbg-btn-1"
          onChange={[Function]}
          type="checkbox"
          value={1}
        />
        <label
          className="btn btn-outline-primary"
          defaultChecked={true}
          disabled={false}
          htmlFor="tbg-btn-1"
          onClick={[Function]}
          onKeyDown={[Function]}
          tabIndex={0}
        >
          <img
            src="/static/src/assets/pending.png"
            style={
              {
                "height": "3vh",
              }
            }
          />
        </label>
        <input
          autoComplete="off"
          checked={true}
          className="btn-check"
          disabled={false}
          id="tbg-btn-3"
          onChange={[Function]}
          type="checkbox"
          value={3}
        />
        <label
          className="btn btn-outline-primary"
          defaultChecked={true}
          disabled={false}
          htmlFor="tbg-btn-3"
          onClick={[Function]}
          onKeyDown={[Function]}
          tabIndex={0}
        >
          <img
            src="/static/src/assets/done.png"
            style={
              {
                "height": "3vh",
              }
            }
          />
        </label>
      </div>
    </div>
    <div
      className="formHolder col-6"
    >
      <form
        className=""
        onSubmit={[Function]}
        style={
          {
            "position": "relative",
          }
        }
      >
        <input
          className="form-control"
          id="createTaskInput"
          onChange={[Function]}
          value=""
        />
        <button
          className="btn btn-success"
          disabled={true}
          id="createTaskButton"
          type="submit"
        >
          <img
            src="/static/src/assets/plus.png"
            style={
              {
                "height": "2vh",
              }
            }
          />
        </button>
      </form>
    </div>
  </div>
</div>
`;
