// Vitest Snapshot v1

exports[`Header > will create and match snapshot 1`] = `
<div
  className="container"
  style={
    {
      "marginBottom": "1vh",
    }
  }
>
  <div
    className="row"
  >
    <div
      className="col-4"
    >
      <button
        className="btn btn-primary"
        disabled={true}
        id="changeStatusBtn"
        onClick={[Function]}
        type="button"
      >
        CS
      </button>
    </div>
    <div
      className="formHolder col-8"
    >
      <form
        className=""
        onSubmit={[Function]}
        style={
          {
            "position": "relative",
          }
        }
      >
        <input
          className="form-control"
          id="createTaskInput"
          onChange={[Function]}
          value=""
        />
        <button
          className="btn btn-success"
          disabled={true}
          id="createTaskButton"
          type="submit"
        >
          <img
            src="/static/src/assets/plus.png"
            style={
              {
                "height": "2vh",
              }
            }
          />
        </button>
      </form>
    </div>
  </div>
</div>
`;
