// Vitest Snapshot v1

exports[`Task > will create and match a snapshot 1`] = `
<div
  className="task row"
>
  <div
    className="taskTitle col-9"
    id="task1"
  >
    Style
  </div>
  <div
    className="checkHolder col-2"
  >
    <div
      className="check"
    >
      <input
        checked={false}
        className="form-check-input"
        disabled={false}
        id="taskCheck1"
        name="checkbox"
        onChange={[Function]}
        type="checkbox"
      />
    </div>
    <label
      className="form-label"
      for="checkbox"
    >
      <img
        className="checkImg"
        src="/static/src/assets/pending.png"
      />
    </label>
  </div>
</div>
`;
