// Vitest Snapshot v1

exports[`Task > will create and match a snapshot 1`] = `
<div
  className="task row"
>
  <div
    className="taskTitle col-9"
    id="task1"
  >
    Style
  </div>
  <div
    className="col"
    style={
      {
        "display": "flex",
      }
    }
  >
    <div
      className="form-check"
    >
      <input
        checked={false}
        className="form-check-input"
        disabled={false}
        onChange={[Function]}
        type="checkbox"
      />
      <label
        className="form-check-label"
        title=""
      >
        Done
      </label>
    </div>
  </div>
</div>
`;
